>Simulated1|tandemrep_events2_len500_copies3
CATCCGTTACGCACGGATTCCGGAATCGCGTAGTACTGCATAATTCCGGAATTCCGGATCATTCCGGAAATCGCGTAGTA
CTGCAATTCCGGAATCCGTTACGCAATTCCGGACATTCCGGAATCGCGTAGTACTGCAATCCGTTACGCATATCGCGTAG
TACTGCATATCCGTTACGCAATTCCGGACATTCCGGACATTCCGGAATTCCGGAAATCCGTTACGCAATTCCGGACATTC
CGGAATTCCGGAATTCCGGAATCGCGTAGTACTGCAATCGCGTAGTACTGCAATTCCGGAATTCCGGACATAGGTGTGTG
TGTGTGTGTGTGTGTGTGTGTGTGTGTGTGTGTGTGTGTGTGTGTGTGTGTGTGTGTGTGTGTGTGTGTGTGTGTGTGTG
TGTGTGTGTGTGTGTGTGTGTGTGTGTGTGTGTATCGCGTAGTACTGCAATCGCGTAGTACTGCAGATTCCGGAATTCCG
GACATCCGTTACGCACTATCGCGTAGTACTGCAATCGCGTAGTACTGCACTTAATCGCGTAGTACTGCAATTCCGGAAGA
TTCCGGAATCGCGTAGTACTGCAGGATCGCGTAGTACTGCAATCCGTTACGCAATCCGTTACGCACATTTCTTATCGCGT
AGTACTGCACAAATCGCGTAGTACTGCAATTCCGGAATCGCGTAGTACTGCAAAAATCGCGTAGTACTGCAATCGCGTAG
TACTGCAGTGTGTGTGTGTGTGTGTGTGTGTGTGTGTGTGTGTGTGTGTGTGTGTGTGTGTGTGTGTGTGTGTGTGTGTG
TGTGTGTGTGTGTGTGTGTGTGTGTGTGTGTGTGTGTGTGTGTGTGTATCCGTTACGCATCATCGCGTAGTACTGCAATC
GCGTAGTACTGCACATCGCGTAGTACTGCAGATTCCGGAATCCGTTACGCAGGATCCGTTACGCAAATCGCGTAGTACTG
CAATTCCGGATTCTGCATCCGTTACGCACCATCGCGTAGTACTGCATAAGATCCGTTACGCAAATCCGTTACGTCGCGTA
GTACTGCATTATTCCGGACATCGCGTAGTACTGCATAGCTATCCGTTACGCAATCCGTTACGCATAGATCCGTTACGCAA
TCGCGTAGTACTGCAGATTCCGGATAGATTCCGGACTCATTCCGGACAAATCCGTTACGCATCGTTATCCGTTACGCAGC
ATTCCGGAATCGCGTAGTACTGCATAATCCGTTACGCAACATCCGTTACGCAGATCGCGTAGTACTGCAATATCGCGTAG
TACTGCAATCCGTTACGCAATCCGTTACGCAAATTCCGGAATTCCGGAATCGCGTAGTACTGCAACGAGTGGATTCCGGA
ATCGCGTAGTACTGCAATTCCGGAGTGTGTGTGTGTGTGTGTGTGTGTGTGTGTGTGTGTGTGTGTGTGTGTGTGTGTGT
GTGTGTGTGTGTGTGTGTGTGTGTGTGTGTGTGTGTGTGTGTGTGTGTGTGTGTGTGTGTGTGTACATCGCGTAGTACTG
CAATTCCGGATGTTCGCGTAGTACTGCATTATTCCGGACATCGCGTAGTACTGCATAGCTATCCGTTACGCAATCCGTTA
CGCATAGATCCGTTACGCAATCGCGTAGTACTGCAGATTCCGGATAGATTCCGGACTCATTCCGGACAAATCCGTTACGC
ATCGTTATCCGTTACGCAGCATTCCGGAATCGCGTAGTACTGCATAATCCGTTACGCAACATCCGTTACGCAGATCGCGT
AGTACTGCAATATCGCGTAGTACTGCAATCCGTTACGCAATCCGTTACGCAAATTCCGGAATTCCGGAATCGCGTAGTAC
TGCAACGAGTGGATTCCGGAATCGCGTAGTACTGCAATTCCGGAGTGTGTGTGTGTGTGTGTGTGTGTGTGTGTGTGTGT
GTGTGTGTGTGAGTACTGCATGAATCCGTTACGCAATTCCGGATGAGCCGACGTGTGTGTGTGTGTGTGTGTGTGTGTGT
GTGTGTGTGTGTGTGTGTGTGTGTGTGTGTGTGTGTGTGTGTGTGTGTGTGTGTGTGTGTGTGTGTGTGTGTGTGTGTGT
GTGTGTGTGTGTATCCGTTACGCAATTCCGGATATTCCGGAATCGCGTAGTACTGCAATCCGTTACGCAATTCCGGAACC
CAATTCCGGACATCGCGTAGTACTGCAATTCCGGAGAGATCGCGTAGTACTGCAGATCCGTTACGCACCATCGCGTAGTA
CTGCAATCCGTTACGCATATCGCGTAGTACTGCATGATCCGTTACGCATGATTCCGGAAATTCCGGAGGATTCCGGAGTA
TCGCGTAGTACTGCAATCGCGTAGTACTGCATTATCCGTTACGCAGATCCGTTACGCAATTCCGGACATCCGTTACGCAA
ATTCCGGAATCGCGTAGTACTGCAATCGCGTAGTACTGCATGAATCCGTTACGCAATTCCGGATGAGCCGACGTGTGTGT
GTGTGTGTGTGTGTGTGTGTGTGTGTGTGTGTGTGTGTGTGTGTGTGTGTGTGTGTGTGTGTGTGTGTGTGTGTGTGTGT
GTGTGTGTGTGTGTGTGTGTGTGTGTGTGTGTATCCGTTACGCAATTCCGGATATTCCGGAATCGCGTAGTACTGCAATC
CGTTACGCAATTCCGGAACCCAATTCCGGACATCGCGTAGTACTGCAATTCCGGAGAGATCGCGTAGTACTGCAGATCCG
TTACGCACCATCGCGTAGTACTGCAATCCGTTACGCATATCGCGTAGTACTGCATGATCCGTTACGCATGATTCCGGAAA
TTCCGGAGGATTCCGGAGTATCGCGTAGTACTGCAATCGCGTAGTACTGCATTATCCGTTACGCAGATCCGTTACGCAAT
TCCGGACATCCGTTACGCAAATTCCGGAATCGCGTAGTACTGCAATCGCGTAGTACTGCATGAATCCGTTACGCAATTCC
GGATGAGCCGACGTGTGTGTGTGTGTGTGTGTGTGTGTGTGTGTGTGTGTGTGTGTGTGTGTGTGTGTGTGTGTGTGTGT
GTGTGTGTGTGTGTGTGTGTGTGTGTGTGTGTGTGTGTGTGTGTGTGTGTGTATCCGTTACGCAATTCCGGATATTCCGG
AATCGCGTAGTACTGCAATCCGTTACGCAATTCCGGAACCCAATTCCGGACATCGCGTAGTACTGCAATTCCGGAGAGAT
CGCGTAGTACTGCAGATCCGTTACGCACCATCGCGTAGTACTGCAATCCGTTACGCATATCGCGTAGTACTGCATGATCC
GTTACGCATGATTCCGGAAATTCCGGAGGATTCCGGAGTATCGCGTAGTACTGCAATCGCGTAGTACTGCATTATCCGTT
ACGCAGATCCGTTACGCAATTCCGGACATCCGTTACGCAAATTCCGGAATCGCGTAGTACTGCAATCGCGTTGTGTGTGT
GTGTGTGTGTGTGTGTGTGTGTGTGTGTGTGTGTGTGTGTGTGTGTGTGTGTGTGTGTGTGTGTACATCGCGTAGTACTG
CAATTCCGGATGTTCGCGTAGTACTGCATTATTCCGGACATCGCGTAGTACTGCATAGCTATCCGTTACGCAATCCGTTA
CGCATAGATCCGTTACGCAATCGCGTAGTACTGCAGATTCCGGATAGATTCCGGACTCATTCCGGACAAATCCGTTACGC
ATCGTTATCCGTTACGCAGCATTCCGGAATCGCGTAGTACTGCATAATCCGTTACGCAACATCCGTTACGCAGATCGCGT
AGTACTGCAATATCGCGTAGTACTGCAATCCGTTACGCAATCCGTTACGCAAATTCCGGAATTCCGGAATCGCGTAGTAC
TGCAACGAGTGGATTCCGGAATCGCGTAGTACTGCAATTCCGGAGTGTGTGTGTGTGTGTGTGTGTGTGTGTGTGTGTGT
GTGTGTGTGTGTGTGTGTGTGTGTGTGTGTGTGTGTGTGTGTGTGTGTGTGTGTGTGTGTGTGTGTGTGTGTGTGTGTGT
GTGTACATCGCGTAGTACTGCAATTCCGGATGTCAATTCCGGAATCGCGTAGTACTGCAATCCGTTACGCAATCCGTTAC
GCAATCGCGTAGTACTGCAATCGCGTAGTACTGCATTATTCCGGACATCGCGTAGTACTGCATAGCTATCCGTTACGCAA
TCCGTTACGCATAGATCCGTTACGCAATCGCGTAGTACTGCAGATTCCGGATAGATTCCGGACTCATTCCGGACAAATCC
GTTACGCATCGTTATCCGTTACGCAGCATTCCGGAATCGCGTAGTACTGCATAATCCGTTACGCAACATCCGTTACGCAG
ATCGCGTAGTACTGCAATATCGCGTAGTACTGCAATCCGTTACGCAATCCGTTACGCAAATTCCGGAATTCCGGAATCGC
GTAGTACTGCAACGAGTGGATTCCGGAATCGCGTAGTACTGCAATTCCGGAGTGTGTGTGTGTGTGTGTGTGTGTGTGTG
TGTGTGTGTGTGTGTGTGTGTGTGTGTGTGTGTGTGTGTGTGTGTGTGTGTGTGTGTGTGTGTGTGTGTGTGTGTGTGTG
TGTGTGTGTGTACATCGCGTAGTACTGCAATTCCGGATGTGTGTGTGTGTGTGTGTGTGTGTGTGTGTGTGTGTGTGTGT
GTGTGTGTGTGTGTGTGTGTGTGTGTGTGTGTGTGTGTGTGTGTGTGTGTGTGTGTGTGTGTGTGTGTGTGTGTGTGTCA
TTCCGGAAATCGCGTAGTACTGCATATCGCGTAGTACTGCACGTATTCCGGAAGGAATTCCGGACGATTCCGGAACTATC
CGTTACGCACAAATCCGTTACGCAGTATATCCGTTACGCAATTCCGGAATCGCGTAGTACTGCACATCCGTTACGCAACA
TCGCGTAGTACTGCAATCGCGTAGTACTGCAATTCCGGAATCCGTTACGCAACGACGATCCGTTACGCACATCCGTTACG
CAACATCCGTTACGCAAATCCGTTACGCAGAGAATCGCGTAGTACTGCAATTCCGGAATCCGTTACGCAGATTCCGGAAT
CGCGTAGTACTGCAATCCGTTACGCATTCGATCCGTTACGCAATCGCGTAGTACTGCAATTCCGGACATCGCGTAGTACT
GCAATTCCGGATATTCCGGAATCGCGTAGTACTGCAATTCCGGACGTTATCGCGTAGTACTGCAATCGCGTAGTACTGCA
ATCGCGTAGTACTGCAATCCGTTACGCAAATTCCGGAATTCCGGAATCGCGTAGTACTGCAATCGCGTAGTACTGCAATT
CCGGAAAATCCGTTACGCAACTGCATCGCGTAGTACTGCAAATCGCGTAGTACTGCACATTCCGGAAATCGCGTAGTACT
GCATGTGTATTCCGGAATTCCGGAAATCCGTTACGCAATTCCGGATATCCGTTACGCAATCCGTTACGCAATTCCGGACA
TCGCGTAGTACTGCAATCGCGTAGTACTGCAATCGCGTAGTACTGCAATTCCGGATATTCCGGATCATCCGTTACGCAGT
ATCCGTTACGCAATTCCGGAATCCGTTACGCAAAAAAATTCCGGACATCGCGTAGTACTGCACATTCCGGAATCCGTTAC
GCACATCGCGTAGTACTGCAATTCCGGACTCATCCGTTACGCACCTCTATCCGTTACGCAATCCGTTACGCAATCGCGTA
GTACTGCATGAATCCGTTACGCAATTCCGGATGAGCCGACGTGTGTGTGTGTGTGTGTGTGTGTGTGTGTGTGTGTGTGT
GTGTGTGTGTGTGTGTGTGTGTGTGTGTGTGTGTGTGTGTGTGTGTGTGTGTGTGTGTGTGTGTGTGTGTGTGTGTGTGT
ATCCGTTACGCAATTCCGGATATTCCGGAATCGCGTAGTACTGCAATCCGTTACGCAATTCCGGAACCCAATTCCGGACA
TCGCGTAGTACTGCAATTCCGGAGAGATCGCGTAGTACTGCAGATCCGTTACGCACCATCGCGTAGTACTGCAATCCGTT
ACGCATATCGCGTAGTACTGCATGATCCGTTACGCATGATTCCGGAAATTCCGGAGGATTCCGGAGTATCGCGTAGTACT
GCAATCGCGTAGTACTGCATTATCCGTTACGCAGATCCGTTACGCAATTCCGGACATCCGTTACGCAAATTCCGGAATCG
CGTAGTACTGCAATCGCGTAGTACTGCAAATTCCGGAATTCCGGACATCCGTTACGCAATCGCGTAGTACTGCAATCGCG
TAGTACTGCAAATCCGTTACGCAATCGCGTAGTACTGCACATCGCGTAGTACTGCAATCGCGTAGTACTGCAAGATCGCG
TAGTACTGCAATCGCGTAGTACTGCACAGGAATTCCGGAATTCCGGAATCCGTTACGCAAATCGCGTAGTACTGCATATT
CCGGAATCGCGTAGTACTGCAATTCCGGAGTGTGTGTGTGTGTGTGTGTGTGTGTGTGTGTGTGTGTGTGTGTGTGTGTG
TGTGTGTGTGTGTGTGTGTGTGTGTGTGTGTGTGTGTGTGTGTGTGTGTGTGTGTGTGTGTGTGTGTGTGATCGCGTAGT
ACTGCAATCGCGTAGTACTGCAAATCGCGTAGTACTGCAATCGCGTAGTACTGCAGTGTGTGTGTGTGTGTGTGTGTGTG
TGTGTGTGTGTGTGTGTGTGTGTGTGTGTGTGTGTGTGTGTGTGTGTGTGTGTGTGTGTGTGTGTGTGTGTGTGTGTGTG
TGTGTGTGTGTGTGTAATCGCGTAGTACTGCATATCCGTTACGCAATCGCGTAGTACTGCAAAGTGTGTGTGTGTGTGTG
TGTGTGTGTGTGTGTGTGTGTGTGTGTGTGTGTGTGTGTGTGTGTGTGTGTGTGTGTGTGTGTGTGTGTGTGTGTGTGTG
TGTGTGTGTGTGTGTGTGTGTGTATCGCGTAGTACTGCATATCGCGTAGTACTGCAGTGTGTGTGTGTGTGTGTGTGTGT
GTGTGTGTGTGTGTGTGTGTGTGTGTGTGTGTGTGTGTGTGTGTGTGTGTGTGTGTGTGTGTGTGTGTGTGTGTGTGTGT
GTGTGTGTGTGTGTGTCATCCGTTACGCAATTCCGGAGGTGTGTGTGTGTGTGTGTGTGTGTGTGTGTGTGTGTGTGTGT
GTGTGTGTGTGTGTGTGTGTGTGTGTGTGTGTGTGTGTGTGTGTGTGTGTGTGTGTGTGTGTGTGTGTGTGTGTGTGTAT
TCCGGACATCCGTTACGCAATTCCGGAATCCGTTACGCAATTCCGGAATTCCGGAATCCGTTACGCAATTCCGGAGATCG
CGTAGTACTGCACTTATTCATCGCGTAGTACTGCAAATCGCGTAGTACTGCAATTCCGGAATCGCGTAGTACTGCAAATA
TCCGTTACGCACATCGCGTAGTACTGCAATCCGTTACGCAGTTCTCGATTCCGGAAATCGCGTAGTACTGCATATTCCGG
AATCCGTTACGCACAATTCCGGAATCCGTTACGCAGGAATTCCGGATTTATCCGTTACGCATTGTGTGTGTGTGTGTGTG
TGTGTGTGTGTGTGTGTGTGTGTGTGTGTGTGTGTGTGTGTGTGTGTGTGTGTGTGTGTGTGTGTGTGTGTGTGTGTGTG
TGTGTGTGTGTGTGTGTGTGTGTATCGCGTAGTACTGCATATCGCGTAGTACTGCACATTCCGGACAGAGCAATCGCGTA
GTACTGCATAATCGCGTAGTACTGCAAATTCCGGACATTCCGGAATCCGTTACGCAACAATCGCGTAGTACTGCAATCCG
TTACGCAATCCGTTACGCATATTCCGGATATCGCGTAGTACTGCAGATCCGTTACGCAATCCGTTACGCATAATCCGTTA
CGCACATCGCGTAGTACTGCATATCCGTTACGCAACATCGCGTAGTACTGCAATCGCGTAGTACTGCAAGAATCCGTTAC
GCAATTCCGGAATTCCGGAATCGCGTAGTACTGCAATTCCGGAGTGTGTGTGTGTGTGTGTGTGTGTGTGTGTGTGTGTG
TGTGTGTGTGTGTGTGTGTGTGTGTGTGTGTGTGTGTGTGTGTGTGTGTGTGTGTGTGTGTGTGTGTGTGTGTGTGTGTG
TGTGTATCCGTTACGCATATTCCGGACAAAATCGCGTAGTACTGCAATTCCGGAGATCCGTTACGCACATCCGTTACGCA
GATCGCGTAGTACTGCAATTCCGGAATTCCGGAATCCGTTACGCAGGCCAATCGCGTAGTACTGCAAATCGCGTAGTACT
GCAATCGCGTAGTACTGCAGATTCCGGAGATCGCGTAGTACTGCAGTACATCGCGTAGTACTGCATTAATTCCGGAAGAA
TCGCGTAGTACTGCAGACATCCGTTACGCAATCGCGTAGTACTGCATGTATTCCGGATATCCGTTACGCAATTCCGGAAA
TCGCGTAGTACTGCACATCCGTTACGCAATTCCGGAATCCGTTACGCAATCCGTTACGCATCATTCCGGAGTGTGTGTGT
GTGTGTGTGTGTGTGTGTGTGTGTGTGTGTGTGTGTGTGTGTGTGTGTGTGTGTGTGTGTGTGTGTGTGTGTGTGTGTGT
GTGTGTGTGTGTGTGTGTGTGTGTGTGTGTTTAATTCCGGAATCCGTTACGCAATCGCGTAGTACTGCAGATTCCGGAAC
GGATCGCGTAGTACTGCAGATCCGTTACGCAATTCCGGACATCGCGTAGTACTGCAAATTCCGGAGGATCGCGTAGTACT
GCAAATCCGTTACGCAGTGTGTGTGTGTGTGTGTGTGTGTGTGTGTGTGTGTGTGTGTGTGTGTGTGTGTGTGTGTGTGT
GTGTGTGTGTGTGTGTGTGTGTGTGTGTGTGTGTGTGTGTGTGTGTGTGTGTGTGTATCCGTTACGCACAAGTGATTCCG
GAATTCCGGAGAATCGCGTAGTACTGCATATTCCGGATAATCGCGTAGTACTGCACATCCGTTACGCAATTCCGGACGTG
TGTGTGTGTGTGTGTGTGTGTGTGTGTGTGTGTGTGTGTGTGTGTGTGTGTGTGTGTGTGTGTGTGTGTGTGTGTGTGTG
TGTGTGTGTGTGTGTGTGTGTGTGTGTGTGTGTGTGTATTCCGGAAGGATCCGTTACGCATATCGCGTAGTACTGCAGGA
GATTCCGGAAAAATCGCGTAGTACTGCAATCGCGTAGTACTGCAGTGATCGCGTAGTACTGCAATCGCGTAGTACTGCAA
TCCGTTACGCAGATTCCGGAGTATTCCGGAGATCCGTTACGCAACATTCCGGAATTCCGGAGTGTGTGTGTGTGTGTGTG
TGTGTGTGTGTGTGTGTGTGTGTGTGTGTGTGTGTGTGTGTGTGTGTGTGTGTGTGTGTGTGTGTGTGTGTGTGTGTGTG
TGTGTGTGTGTGTGTGTGTGTGTATCGCGTAGTACTGCAGATCCGTTACGCAATCCGTTACGCACATCCGTTACGCACAT
TCCGGACCATCCGTTACGCAATTCCGGACCATCGCGTAGTACTGCAATCCGTTACGCAAAGTATCCGTTACGCAGCAATC
CGTTACGCAATCGCGTAGTACTGCATTATCCGTTACGCAGATCCGTTACGCAATTCCGGACGCATCCGTTACGCAATCCG
TTACGCAAGATCCGTTACGCAGATTCCGGACATCCGTTACGCAATCGCGTAGTACTGCAATCCGTTACGCAATTCCGGAA
TTCCGGAATCCGTTACGCAATTCCGGAATCCGTTACGCAAGTGTGTGTGTGTGTGTGTGTGTGTGTGTGTGTGTGTGTGT
GTGTGTGTGTGTGTGTGTGTGTGTGTGTGTGTGTGTGTGTGTGTGTGTGTGTGTGTGTGTGTGTGTGTGTGTGTGTGTGT
TAGATTCCGGAGAGATCGCGTAGTACTGCAATCGCGTAGTACTGCAGATTCCGGAGCATATCCGTTACGCATGATCGCGT
AGTACTGCATATTCCGGATATCGCGTAGTACTGCAATTCCGGAAATCCGTTACGCACATCGCGTAGTACTGCATGGATTC
CGGAAATCCGTTACGCAATCCGTTACGCAGTGTGTGTGTGTGTGTGTGTGTGTGTGTGTGTGTGTGTGTGTGTGTGTGTG
TGTGTGTGTGTGTGTGTGTGTGTGTGTGTGTGTGTGTGTGTGTGTGTGTGTGTGTGTGTGTGTGTGTGTTATCCGTTACG
CAGATCCGTTACGCAATCCGTTACGCAAGATTCCGGACTGATTCCGGAATCCGTTACGCATATCGCGTAGTACTGCACTC
GTAGTGCTCAATCGCGTAGTACTGCACTTATCCGTTACGCAATTCCGGAGTGTGTGTGTGTGTGTGTGTGTGTGTGTGTG
TGTGTGTGTGTGTGTGTGTGTGTGTGTGTGTGTGTGTGTGTGTGTGTGTGTGTGTGTGTGTGTGTGTGTGTGTGTGTGTG
TGTGTGTGTCATCGCGTAGTACTGCAGATTCCGGATATCGCGTAGTACTGCAAATTCCGGAATTCCGGACCGATTCCGGA
ATTCCGGAATCCGTTACGCAATCGCGTAGTACTGCAATCCGTTACGCAATCCGTTACGCAAATCCGTTACGCAATCCGTT
ACGCAATCCGTTACGCAATCCGTTACGCAAAATCCGTTACGCAATCGCGTAGTACTGCACATCGCGTAGTACTGCAATTC
CGGAGTGTGTGTGTGTGTGTGTGTGTGTGTGTGTGTGTGTGTGTGTGTGTGTGTGTGTGTGTGTGTGTGTGTGTGTGTGT
GTGTGTGTGTGTGTGTGTGTGTGTGTGTGTGTGTGTGTGTGTGTATTCCGGAATTCCGGATATTCCGGAAATTCCGGAGA
TTCCGGAATTCCGGAAAACATTCCGGAATCGCGTAGTACTGCACATCGCGTAGTACTGCAATTCCGGATAATCCGTTACG
CAAATCGCGTAGTACTGCAAATCCGTTACGCAATCGCGTAGTACTGCACAATCGCGTAGTACTGCACCATTCCGGAATTC
CGGATATCGCGTAGTACTGCAATTCCGGACGTGTGTGTGTGTGTGTGTGTGTGTGTGTGTGTGTGTGTGTGTGTGTGTGT
GTGTGTGTGTGTGTGTGTGTGTGTGTGTGTGTGTGTGTGTGTGTGTGTGTGTGTGTGTGTGTGTGTGTGTCACTTTAGAT
CCGTTACGCACGATTCCGGAATTCCGGAATCGCGTAGTACTGCAATCCGTTACGCACTGCATCGCGTAGTACTGCAATTC
CGGACCATCCGTTACGCAATATTCCGGAATCCGTTACGCACATTCCGGACGCAGTATCGCGTAGTACTGCATATTCCGGA
